#-----------------------------------------------------------
# Vivado v2025.1 (64-bit)
# SW Build 6140274 on Wed May 21 22:58:25 MDT 2025
# IP Build 6138677 on Thu May 22 03:10:11 MDT 2025
# SharedData Build 6139179 on Tue May 20 17:58:58 MDT 2025
# Start of session at: Tue Dec  9 13:19:24 2025
# Process ID         : 639880
# Current directory  : /home/student/s101153258/riscv_microprocessor/riscv_microprocessor.runs/impl_1
# Command line       : vivado -log system_wrapper.vdi -applog -product Vivado -messageDb vivado.pb -mode batch -source system_wrapper.tcl -notrace
# Log file           : /home/student/s101153258/riscv_microprocessor/riscv_microprocessor.runs/impl_1/system_wrapper.vdi
# Journal file       : /home/student/s101153258/riscv_microprocessor/riscv_microprocessor.runs/impl_1/vivado.jou
# Running On         : cenglab01
# Platform           : Ubuntu
# Operating System   : Ubuntu 24.04.3 LTS
# Processor Detail   : 12th Gen Intel(R) Core(TM) i7-12700H
# CPU Frequency      : 400.000 MHz
# CPU Physical cores : 14
# CPU Logical cores  : 20
# Host memory        : 33378 MB
# Swap memory        : 17179 MB
# Total Virtual      : 50558 MB
# Available Virtual  : 40209 MB
#-----------------------------------------------------------
source system_wrapper.tcl -notrace
